---
source: tests/render_snapshot.rs
expression: out
---
Left:
┌──────┬──────┬────────┬────────────────┬─────────────────┬──────────────────┐
│      │ RTOG │ LyrCol │      RMOD      │      RVAD       │       RVAI       │
├──────┼──────┼────────┼────────────────┼─────────────────┼──────────────────┤
│ TRNS │ TRNS │  VOLD  │      VOLU      │      MUTE       │      RGBSLD      │
├──────┼──────┼────────┼────────────────┼─────────────────┼──────────────────┤
│ TRNS │ MPRV │  MNXT  │      MSTP      │      MPLY       │       TRNS       │
├──────┼──────┼────────┼────────────────┼─────────────────┼──────────────────┤
│ TRNS │ TRNS │  TRNS  │ HSV(0,255,255) │ HSV(74,255,255) │ HSV(168,255,255) │
└──────┴──────┴────────┴────────────────┴─────────────────┴──────────────────┘
                                                             ┌────────┬──────┐
                                                             │        │ TRNS │
                                                             └────────┴──────┘

Right:
┌──────┬──────────────┬──────────┬──────┬──────┬──────┐
│ TRNS │     TRNS     │   TRNS   │ TRNS │ TRNS │ BOOT │
├──────┼──────────────┼──────────┼──────┼──────┼──────┤
│ PGUP │     HOME     │    UP    │ END  │ TRNS │ TRNS │
├──────┼──────────────┼──────────┼──────┼──────┼──────┤
│ PGDN │     LEFT     │   DOWN   │ RGHT │ TRNS │ TRNS │
├──────┼──────────────┼──────────┼──────┼──────┼──────┤
│ TRNS │ Ctl+Sft(TAB) │ Ctl(TAB) │ TRNS │ TRNS │ TRNS │
└──────┴──────────────┴──────────┴──────┴──────┴──────┘
┌─────┬───────┐
│     │ TRNS  │
└─────┴───────┘

X/Mod = tap X, hold Mod    X/Layer = tap X, hold layer
