---
source: tests/render_snapshot.rs
expression: out
---
Left:
┌────────────────┬────────────────┬───────────────┬─────────────────┬────────────────┬────────────────┬──────────────────┐
│  L_outer_num   │  L_pinky_num   │  L_ring_num   │  L_middle_num   │  L_index_num   │  L_inner_num   │ L_innermost_num  │
├────────────────┼────────────────┼───────────────┼─────────────────┼────────────────┼────────────────┼──────────────────┤
│  L_outer_top   │  L_pinky_top   │  L_ring_top   │  L_middle_top   │  L_index_top   │  L_inner_top   │ L_innermost_top  │
├────────────────┼────────────────┼───────────────┼─────────────────┼────────────────┼────────────────┼──────────────────┤
│  L_outer_home  │  L_pinky_home  │  L_ring_home  │  L_middle_home  │  L_index_home  │  L_inner_home  │ L_innermost_home │
├────────────────┼────────────────┼───────────────┼─────────────────┼────────────────┼────────────────┼──────────────────┤
│ L_outer_bottom │ L_pinky_bottom │ L_ring_bottom │ L_middle_bottom │ L_index_bottom │ L_inner_bottom │                  │
├────────────────┼────────────────┼───────────────┼─────────────────┼────────────────┼────────────────┼──────────────────┤
│  L_outer_mod   │  L_pinky_mod   │  L_ring_mod   │  L_middle_mod   │  L_index_mod   │                │                  │
└────────────────┴────────────────┴───────────────┴─────────────────┴────────────────┴────────────────┴──────────────────┘
                                         ┌─────────────────┬─────────────────┬─────────────────┬─────────────────────────┐
                                         │ L_thumb_piano_3 │ L_thumb_piano_2 │ L_thumb_piano_1 │       L_thumb_big       │
                                         └─────────────────┴─────────────────┴─────────────────┴─────────────────────────┘

Right:
┌──────────────────┬────────────────┬────────────────┬─────────────────┬───────────────┬────────────────┬────────────────┐
│ R_innermost_num  │  R_inner_num   │  R_index_num   │  R_middle_num   │  R_ring_num   │  R_pinky_num   │  R_outer_num   │
├──────────────────┼────────────────┼────────────────┼─────────────────┼───────────────┼────────────────┼────────────────┤
│ R_innermost_top  │  R_inner_top   │  R_index_top   │  R_middle_top   │  R_ring_top   │  R_pinky_top   │  R_outer_top   │
├──────────────────┼────────────────┼────────────────┼─────────────────┼───────────────┼────────────────┼────────────────┤
│ R_innermost_home │  R_inner_home  │  R_index_home  │  R_middle_home  │  R_ring_home  │  R_pinky_home  │  R_outer_home  │
├──────────────────┼────────────────┼────────────────┼─────────────────┼───────────────┼────────────────┼────────────────┤
│                  │ R_inner_bottom │ R_index_bottom │ R_middle_bottom │ R_ring_bottom │ R_pinky_bottom │ R_outer_bottom │
├──────────────────┼────────────────┼────────────────┼─────────────────┼───────────────┼────────────────┼────────────────┤
│                  │                │  R_index_mod   │  R_middle_mod   │  R_ring_mod   │  R_pinky_mod   │  R_outer_mod   │
└──────────────────┴────────────────┴────────────────┴─────────────────┴───────────────┴────────────────┴────────────────┘
┌─────────────────────────┬─────────────────┬─────────────────┬─────────────────┐
│       R_thumb_big       │ R_thumb_piano_1 │ R_thumb_piano_2 │ R_thumb_piano_3 │
└─────────────────────────┴─────────────────┴─────────────────┴─────────────────┘

X/Mod = tap X, hold Mod    X/Layer = tap X, hold layer
