---
source: tests/render_snapshot.rs
expression: out
---
Left:
┌──────┬────┬────────────────┬─────────────────┬──────────────────┬────┬──────┐
│ ESC  │ F1 │       F2       │       F3        │        F4        │ F5 │ TRNS │
├──────┼────┼────────────────┼─────────────────┼──────────────────┼────┼──────┤
│ TRNS │ !  │       @        │        {        │        }         │ |  │      │
├──────┼────┼────────────────┼─────────────────┼──────────────────┼────┼──────┤
│ TRNS │ #  │       $        │        (        │        )         │ `  │ TRNS │
├──────┼────┼────────────────┼─────────────────┼──────────────────┼────┼──────┤
│ TRNS │    │       ^        │        [        │        ]         │ ~  │      │
├──────┼────┼────────────────┼─────────────────┼──────────────────┼────┼──────┤
│      │ ,  │ HSV(0,246,245) │ HSV(74,255,206) │ HSV(151,255,255) │    │      │
└──────┴────┴────────────────┴─────────────────┴──────────────────┴────┴──────┘
                                       ┌────────┬────────┬────────┬───────────┐
                                       │ LyrCol │  RVAI  │  RVAD  │   RMOD    │
                                       └────────┴────────┴────────┴───────────┘

Right:
┌──────┬──────┬──────┬────┬────┬──────┬──────┐
│ TRNS │  F6  │  F7  │ F8 │ F9 │ F10  │ F11  │
├──────┼──────┼──────┼────┼────┼──────┼──────┤
│ TRNS │  UP  │  7   │ 8  │ 9  │  *   │ F12  │
├──────┼──────┼──────┼────┼────┼──────┼──────┤
│ TRNS │ DOWN │  4   │ 5  │ 6  │ KP_+ │ TRNS │
├──────┼──────┼──────┼────┼────┼──────┼──────┤
│      │  &   │  1   │ 2  │ 3  │  \   │ TRNS │
├──────┼──────┼──────┼────┼────┼──────┼──────┤
│      │      │ TRNS │ .  │ 0  │  =   │      │
└──────┴──────┴──────┴────┴────┴──────┴──────┘
┌───────────┬────────┬────────┬────────┐
│   RTOG    │  RHUI  │  RHUD  │ RGBSLD │
└───────────┴────────┴────────┴────────┘

X/Mod = tap X, hold Mod    X/Layer = tap X, hold layer
