---
source: tests/render_snapshot.rs
expression: out
---
Left:
┌───────────┬─────────┬───┬──────┬──────┬───┬─────────────┐
│     =     │    1    │ 2 │  3   │  4   │ 5 │    LEFT     │
├───────────┼─────────┼───┼──────┼──────┼───┼─────────────┤
│    DEL    │    Q    │ W │  E   │  R   │ T │ TG(Layer_1) │
├───────────┼─────────┼───┼──────┼──────┼───┼─────────────┤
│   BSPC    │    A    │ S │  D   │  F   │ G │   /ALL_T    │
├───────────┼─────────┼───┼──────┼──────┼───┼─────────────┤
│   /Sft    │  Z/Ctl  │ X │  C   │  V   │ B │             │
├───────────┼─────────┼───┼──────┼──────┼───┼─────────────┤
│ `/Layer_1 │ CW_TOGG │   │ LEFT │ RGHT │   │             │
└───────────┴─────────┴───┴──────┴──────┴───┴─────────────┘
                   ┌──────┬──────┬──────┬─────────────────┐
                   │ /Gui │ BSPC │ SPC  │ APPLICATION/Alt │
                   └──────┴──────┴──────┴─────────────────┘

Right:
┌─────────────┬───┬────┬──────┬───┬───────────┬──────────────┐
│    RGHT     │ 6 │ 7  │  8   │ 9 │     0     │      -       │
├─────────────┼───┼────┼──────┼───┼───────────┼──────────────┤
│ TG(Layer_1) │ Y │ U  │  I   │ O │     P     │      \       │
├─────────────┼───┼────┼──────┼───┼───────────┼──────────────┤
│    //Meh    │ H │ J  │  K   │ L │ ;/Layer_2 │    '/Gui     │
├─────────────┼───┼────┼──────┼───┼───────────┼──────────────┤
│             │ N │ M  │  ,   │ . │     /     │     /Sft     │
├─────────────┼───┼────┼──────┼───┼───────────┼──────────────┤
│             │   │ UP │ DOWN │ [ │   ]/Ctl   │ /MO(Layer_1) │
└─────────────┴───┴────┴──────┴───┴───────────┴──────────────┘
┌─────────┬──────┬──────┬──────┐
│ ESC/Ctl │ ENT  │ TAB  │ /Alt │
└─────────┴──────┴──────┴──────┘

X/Mod = tap X, hold Mod    X/Layer = tap X, hold layer
